[    1451ms] [LOG] [HMR] connected @ http://localhost:3000/_next/static/chunks/1485_next_dist_0-wws0s._.js:776
[   32750ms] [LOG] [Fast Refresh] rebuilding @ http://localhost:3000/_next/static/chunks/1485_next_dist_0-wws0s._.js:776
[   32782ms] [LOG] [Fast Refresh] done in 340ms @ http://localhost:3000/_next/static/chunks/1485_next_dist_0-wws0s._.js:776
[  100234ms] [LOG] [Fast Refresh] done in 340ms @ http://localhost:3000/_next/static/chunks/1485_next_dist_0-wws0s._.js:776
[  121139ms] [LOG] [Fast Refresh] rebuilding @ http://localhost:3000/_next/static/chunks/1485_next_dist_0-wws0s._.js:776
[  122252ms] [LOG] [Fast Refresh] done in 906ms @ http://localhost:3000/_next/static/chunks/1485_next_dist_0-wws0s._.js:776
[  190134ms] [LOG] [Fast Refresh] rebuilding @ http://localhost:3000/_next/static/chunks/1485_next_dist_0-wws0s._.js:776
[  190262ms] [LOG] [Fast Refresh] done in 386ms @ http://localhost:3000/_next/static/chunks/1485_next_dist_0-wws0s._.js:776
[  393133ms] [LOG] [Fast Refresh] rebuilding @ http://localhost:3000/_next/static/chunks/1485_next_dist_0-wws0s._.js:776
[  394351ms] [LOG] [Fast Refresh] done in 944ms @ http://localhost:3000/_next/static/chunks/1485_next_dist_0-wws0s._.js:776
[  395142ms] [LOG] [Fast Refresh] rebuilding @ http://localhost:3000/_next/static/chunks/1485_next_dist_0-wws0s._.js:776
[  395530ms] [LOG] [Fast Refresh] done in 700ms @ http://localhost:3000/_next/static/chunks/1485_next_dist_0-wws0s._.js:776
[  717257ms] [LOG] [Fast Refresh] done in 700ms @ http://localhost:3000/_next/static/chunks/1485_next_dist_0-wws0s._.js:776
[  781143ms] [LOG] [Fast Refresh] rebuilding @ http://localhost:3000/_next/static/chunks/1485_next_dist_0-wws0s._.js:776
[  783235ms] [LOG] [Fast Refresh] done in 1816ms @ http://localhost:3000/_next/static/chunks/1485_next_dist_0-wws0s._.js:776
[  784043ms] [LOG] [Fast Refresh] rebuilding @ http://localhost:3000/_next/static/chunks/1485_next_dist_0-wws0s._.js:776
[  784077ms] [LOG] [Fast Refresh] done in 686ms @ http://localhost:3000/_next/static/chunks/1485_next_dist_0-wws0s._.js:776
[  794871ms] [LOG] [Fast Refresh] rebuilding @ http://localhost:3000/_next/static/chunks/1485_next_dist_0-wws0s._.js:776
[  795486ms] [LOG] [Fast Refresh] done in 927ms @ http://localhost:3000/_next/static/chunks/1485_next_dist_0-wws0s._.js:776
[  795567ms] [LOG] [Fast Refresh] done in 927ms @ http://localhost:3000/_next/static/chunks/1485_next_dist_0-wws0s._.js:776
[  795588ms] [LOG] [Fast Refresh] done in 927ms @ http://localhost:3000/_next/static/chunks/1485_next_dist_0-wws0s._.js:776
[  795588ms] [LOG] [Fast Refresh] done in 927ms @ http://localhost:3000/_next/static/chunks/1485_next_dist_0-wws0s._.js:776
[  795591ms] [LOG] [Fast Refresh] done in 927ms @ http://localhost:3000/_next/static/chunks/1485_next_dist_0-wws0s._.js:776
[  795596ms] [LOG] [Fast Refresh] done in 927ms @ http://localhost:3000/_next/static/chunks/1485_next_dist_0-wws0s._.js:776
[  802830ms] [LOG] [Fast Refresh] done in 927ms @ http://localhost:3000/_next/static/chunks/1485_next_dist_0-wws0s._.js:776
[  815125ms] [LOG] [Fast Refresh] rebuilding @ http://localhost:3000/_next/static/chunks/1485_next_dist_0-wws0s._.js:776
[  815913ms] [LOG] [Fast Refresh] done in 1294ms @ http://localhost:3000/_next/static/chunks/1485_next_dist_0-wws0s._.js:776
[  818147ms] [LOG] [Fast Refresh] rebuilding @ http://localhost:3000/_next/static/chunks/1485_next_dist_0-wws0s._.js:776
[  818226ms] [LOG] [Fast Refresh] done in 594ms @ http://localhost:3000/_next/static/chunks/1485_next_dist_0-wws0s._.js:776
[  905500ms] [LOG] [Fast Refresh] done in 594ms @ http://localhost:3000/_next/static/chunks/1485_next_dist_0-wws0s._.js:776
[  906745ms] [LOG] [Fast Refresh] done in 594ms @ http://localhost:3000/_next/static/chunks/1485_next_dist_0-wws0s._.js:776
[ 1000077ms] [LOG] [Fast Refresh] rebuilding @ http://localhost:3000/_next/static/chunks/1485_next_dist_0-wws0s._.js:776
[ 1000296ms] [LOG] [Fast Refresh] done in 901ms @ http://localhost:3000/_next/static/chunks/1485_next_dist_0-wws0s._.js:776
[ 1001135ms] [LOG] [Fast Refresh] rebuilding @ http://localhost:3000/_next/static/chunks/1485_next_dist_0-wws0s._.js:776
[ 1001644ms] [LOG] [Fast Refresh] done in 664ms @ http://localhost:3000/_next/static/chunks/1485_next_dist_0-wws0s._.js:776
[ 1011738ms] [LOG] [Fast Refresh] done in 664ms @ http://localhost:3000/_next/static/chunks/1485_next_dist_0-wws0s._.js:776
[ 1012612ms] [LOG] [Fast Refresh] done in 664ms @ http://localhost:3000/_next/static/chunks/1485_next_dist_0-wws0s._.js:776
