[   -3246ms] [WARNING] If you are interested in working with us, feel free to text us: team@capacities.io @ chrome-extension://fmkadmapgofadopljbjfkapdkoienihi/build/installHook.js:0
[   -3238ms] [INFO] Capacities v1.68.2; none none; Windows v10; Chrome v152.0.0.0 (WebKit v537.36); Desktop (Browser); 26/08/2026, 19:59:29 @ https://app.capacities.io/useDiagnostics59846.js:0
[   -1356ms] [WARNING] loading all queries @ chrome-extension://fmkadmapgofadopljbjfkapdkoienihi/build/installHook.js:0
[   -1355ms] [WARNING] loading all queries @ chrome-extension://fmkadmapgofadopljbjfkapdkoienihi/build/installHook.js:0
[   -1355ms] [WARNING] loading all queries @ chrome-extension://fmkadmapgofadopljbjfkapdkoienihi/build/installHook.js:0
[   -1355ms] [WARNING] loading all queries @ chrome-extension://fmkadmapgofadopljbjfkapdkoienihi/build/installHook.js:0
[   -1355ms] [WARNING] loading all queries @ chrome-extension://fmkadmapgofadopljbjfkapdkoienihi/build/installHook.js:0
[   -1354ms] [WARNING] loading all queries @ chrome-extension://fmkadmapgofadopljbjfkapdkoienihi/build/installHook.js:0
[   -1987ms] [WARNING] No space provided to getStatusSet @ https://app.capacities.io/assets/worker-casual-B5cYOZGo.js:199
[   -1933ms] [WARNING] No space provided to getStatusSet @ https://app.capacities.io/assets/worker-casual-B5cYOZGo.js:199
[   -1916ms] [WARNING] No space provided to getStatusSet @ https://app.capacities.io/assets/worker-casual-B5cYOZGo.js:199
[   -1872ms] [WARNING] No space provided to getStatusSet @ https://app.capacities.io/assets/worker-casual-B5cYOZGo.js:199
[   -1866ms] [ERROR] 4 spaces not part of user loading! @ https://app.capacities.io/assets/worker-casual-B5cYOZGo.js:534
[   -1434ms] [WARNING] no lastUpdated and not space init. needs fixing immediately. @ https://app.capacities.io/assets/worker-casual-B5cYOZGo.js:367
[    -982ms] [WARNING] No space provided to getStatusSet @ https://app.capacities.io/assets/worker-casual-B5cYOZGo.js:199
[    -743ms] [WARNING] loadContext: no backlink index found, should not happen! vdaskjnvdjkn @ https://app.capacities.io/assets/worker-casual-B5cYOZGo.js:361
[    -733ms] [WARNING] loadContext: no backlink index found, should not happen! vdaskjnvdjkn @ https://app.capacities.io/assets/worker-casual-B5cYOZGo.js:361
[    -474ms] [WARNING] loadContext: no backlink index found, should not happen! vdaskjnvdjkn @ https://app.capacities.io/assets/worker-casual-B5cYOZGo.js:361
[     -96ms] [WARNING] loadContext: no backlink index found, should not happen! vdaskjnvdjkn @ https://app.capacities.io/assets/worker-casual-B5cYOZGo.js:361
[     -96ms] [WARNING] loadContext: no backlink index found, should not happen! vdaskjnvdjkn @ https://app.capacities.io/assets/worker-casual-B5cYOZGo.js:361
